// Vitest Snapshot v1

exports[`Constants > has default css content 1`] = `
"@tailwind base;
@tailwind components;
@tailwind utilities;
"
`;
